-- pcap/smb/smb.pcap --
Netbios: head_len=4, payload=70
CIFS: head_len=32, payload=38, command=0x32, status=0x00000000
Netbios: head_len=4, payload=35
CIFS: head_len=32, payload=3, command=0x32, status=0x007c0001
Netbios: head_len=4, payload=84
CIFS: head_len=32, payload=52, command=0x06, status=0x00000000
Netbios: head_len=4, payload=35
CIFS: head_len=32, payload=3, command=0x06, status=0xc0000034
