-- pcap/fcoe/fcoe-pre-t11.pcap --
-- pcap/fcoe/fcoe-t11.pcap --
head_len=18, payload=144, version=0, sof=0x2e, eof=0x42
head_len=18, payload=144, version=0, sof=0x2e, eof=0x42
head_len=18, payload=36, version=0, sof=0x2e, eof=0x42
head_len=18, payload=144, version=0, sof=0x2e, eof=0x42
head_len=18, payload=144, version=0, sof=0x2e, eof=0x42
head_len=18, payload=56, version=0, sof=0x2e, eof=0x42
head_len=18, payload=308, version=0, sof=0x2e, eof=0x42
head_len=18, payload=80, version=0, sof=0x2e, eof=0x42
head_len=18, payload=76, version=0, sof=0x2e, eof=0x42
head_len=18, payload=48, version=0, sof=0x2e, eof=0x42
head_len=18, payload=32, version=0, sof=0x2e, eof=0x42
head_len=18, payload=44, version=0, sof=0x2e, eof=0x42
head_len=18, payload=44, version=0, sof=0x2e, eof=0x42
head_len=18, payload=44, version=0, sof=0x2e, eof=0x42
head_len=18, payload=44, version=0, sof=0x2e, eof=0x42
head_len=18, payload=56, version=0, sof=0x2e, eof=0x42
head_len=18, payload=144, version=0, sof=0x2e, eof=0x42
head_len=18, payload=144, version=0, sof=0x2e, eof=0x42
head_len=18, payload=144, version=0, sof=0x2e, eof=0x42
head_len=18, payload=48, version=0, sof=0x2e, eof=0x42
head_len=18, payload=144, version=0, sof=0x2e, eof=0x42
head_len=18, payload=48, version=0, sof=0x2e, eof=0x42
head_len=18, payload=48, version=0, sof=0x2e, eof=0x42
head_len=18, payload=48, version=0, sof=0x2e, eof=0x42
head_len=18, payload=60, version=0, sof=0x2e, eof=0x42
head_len=18, payload=92, version=0, sof=0x2e, eof=0x42
head_len=18, payload=52, version=0, sof=0x2e, eof=0x42
head_len=18, payload=144, version=0, sof=0x2e, eof=0x42
head_len=18, payload=144, version=0, sof=0x2e, eof=0x42
head_len=18, payload=48, version=0, sof=0x2e, eof=0x42
head_len=18, payload=48, version=0, sof=0x2e, eof=0x42
head_len=18, payload=56, version=0, sof=0x2e, eof=0x42
head_len=18, payload=56, version=0, sof=0x2e, eof=0x42
head_len=18, payload=60, version=0, sof=0x2e, eof=0x42
head_len=18, payload=44, version=0, sof=0x2e, eof=0x42
head_len=18, payload=52, version=0, sof=0x2e, eof=0x42
head_len=18, payload=60, version=0, sof=0x2e, eof=0x42
head_len=18, payload=44, version=0, sof=0x2e, eof=0x42
head_len=18, payload=52, version=0, sof=0x2e, eof=0x42
head_len=18, payload=60, version=0, sof=0x2e, eof=0x42
head_len=18, payload=44, version=0, sof=0x2e, eof=0x42
head_len=18, payload=52, version=0, sof=0x2e, eof=0x42
head_len=18, payload=60, version=0, sof=0x2e, eof=0x42
head_len=18, payload=44, version=0, sof=0x2e, eof=0x42
head_len=18, payload=52, version=0, sof=0x2e, eof=0x42
head_len=18, payload=60, version=0, sof=0x2e, eof=0x42
head_len=18, payload=44, version=0, sof=0x2e, eof=0x42
head_len=18, payload=52, version=0, sof=0x2e, eof=0x42
head_len=18, payload=60, version=0, sof=0x2e, eof=0x42
head_len=18, payload=44, version=0, sof=0x2e, eof=0x42
head_len=18, payload=52, version=0, sof=0x2e, eof=0x42
head_len=18, payload=60, version=0, sof=0x2e, eof=0x42
head_len=18, payload=44, version=0, sof=0x2e, eof=0x42
head_len=18, payload=52, version=0, sof=0x2e, eof=0x42
head_len=18, payload=60, version=0, sof=0x2e, eof=0x42
head_len=18, payload=44, version=0, sof=0x2e, eof=0x42
head_len=18, payload=52, version=0, sof=0x2e, eof=0x42
head_len=18, payload=60, version=0, sof=0x2e, eof=0x42
head_len=18, payload=44, version=0, sof=0x2e, eof=0x42
head_len=18, payload=52, version=0, sof=0x2e, eof=0x42
head_len=18, payload=60, version=0, sof=0x2e, eof=0x42
head_len=18, payload=44, version=0, sof=0x2e, eof=0x42
head_len=18, payload=52, version=0, sof=0x2e, eof=0x42
head_len=18, payload=48, version=0, sof=0x2e, eof=0x42
head_len=18, payload=44, version=0, sof=0x2e, eof=0x42
head_len=18, payload=52, version=0, sof=0x2e, eof=0x42
head_len=18, payload=300, version=0, sof=0x2e, eof=0x42
head_len=18, payload=48, version=0, sof=0x2e, eof=0x42
head_len=18, payload=44, version=0, sof=0x2e, eof=0x42
-- pcap/fcoe/fcoe-t11-short.pcap --
head_len=18, payload=60, version=0, sof=0x2e, eof=0x42
head_len=18, payload=60, version=0, sof=0x2e, eof=0x42
head_len=18, payload=60, version=0, sof=0x2e, eof=0x42
head_len=18, payload=40, version=0, sof=0x2e, eof=0x42
head_len=18, payload=40, version=0, sof=0x2e, eof=0x42
head_len=18, payload=40, version=0, sof=0x2e, eof=0x42
