-- pcap/ftp/ftp_port_cmd.pcap --
head_len=0, payload=20
head_len=0, payload=16
head_len=0, payload=34
head_len=0, payload=21
head_len=0, payload=23
head_len=0, payload=14
head_len=0, payload=26
head_len=0, payload=7
head_len=0, payload=37
head_len=0, payload=8
head_len=0, payload=30
head_len=0, payload=27
head_len=0, payload=51
head_len=0, payload=11
head_len=0, payload=61
head_len=0, payload=9
head_len=0, payload=24
