-- pcap/truncation/http-96.pcap --
head_len=24, payload=0, method=GET, code=unset, content_length=unset, transfert_encoding=unset, mime_type=unset, host=le, url=/
head_len=24, payload=0, method=unset, code=301, content_length=unset, transfert_encoding=unset, mime_type=unset, host=unset, url=unset
head_len=24, payload=0, method=GET, code=unset, content_length=unset, transfert_encoding=unset, mime_type=unset, host=unset, url=/content/widgets/exp
head_len=24, payload=0, method=unset, code=301, content_length=unset, transfert_encoding=unset, mime_type=unset, host=unset, url=unset
head_len=24, payload=0, method=GET, code=unset, content_length=unset, transfert_encoding=unset, mime_type=unset, host=unset, url=/com/bazarchic-box/m
head_len=24, payload=0, method=unset, code=301, content_length=unset, transfert_encoding=unset, mime_type=unset, host=unset, url=unset
