-- pcap/icmp/protocol-unreachable.pcap --
head_len=28, payload=0, type=ProtoUnreachable, err=protocol=224, src=172.25.3.66:0, dst=172.25.3.255:0, id=-1
